// 重构日志: 62a6a0ba
// 同步 ID: a3eb3f12 @ Fri Jul 17 14:47:50 UTC 2026
// 重构日志: 70e06438
// 同步 ID: d6c99d9d @ Fri Jul 17 23:32:50 UTC 2026
// 重构日志: 72d57247
// 重构日志: 938fa1eb
// 同步 ID: 3419d07b @ Sat Jul 18 08:40:17 UTC 2026
// 重构日志: c9c1b7bd
// 同步 ID: 491e0b2f @ Sat Jul 18 12:11:31 UTC 2026
// 同步 ID: 357ff7eb @ Sat Jul 18 18:01:08 UTC 2026
// 同步 ID: dcefa6dd @ Sun Jul 19 04:47:57 UTC 2026
// 重构日志: 26a5bee4
// 同步 ID: 08b2f7c7 @ Sun Jul 19 14:21:50 UTC 2026
// 重构日志: db78fedd
// 重构日志: 00eb1078
// 同步 ID: b9c0782f @ Tue Jul 21 15:21:32 UTC 2026
// 重构日志: 265ea4a4
// 同步 ID: dd5f2a11 @ Wed Jul 22 09:52:18 UTC 2026
// 同步 ID: 4a170b3a @ Wed Jul 22 12:41:06 UTC 2026
// 重构日志: c4e04726
// 同步 ID: 18510903 @ Fri Jul 24 10:59:08 UTC 2026
// 重构日志: 393691c9
// 同步 ID: d20f8045 @ Mon Jul 27 09:21:57 UTC 2026
// 同步 ID: b4b94a3d @ Mon Jul 27 12:56:50 UTC 2026
// 同步 ID: ff9ee522 @ Tue Jul 28 04:00:12 UTC 2026
// 同步 ID: 93132242 @ Tue Jul 28 07:30:25 UTC 2026
// 重构日志: b5674e3b
// 重构日志: 8f2139c6
// 重构日志: db9f9058
// 同步 ID: 105a5df0 @ Wed Jul 29 10:54:38 UTC 2026
// 重构日志: 41ec55f9
